---
source: crates/rolldown/tests/common/case.rs
expression: content
input_file: crates/rolldown/tests/esbuild/loader/loader_data_url_base64_vs_percent_encoding
---
# Assets

## entry_js.mjs

```js

//#region shouldUsePercent_1.txt
var shouldUsePercent_1_default = 'data:application/octet-stream,%0A%0A%0A';

//#endregion
//#region shouldUsePercent_2.txt
var shouldUsePercent_2_default = 'data:application/octet-stream,%0A%0A%0A%0A';

//#endregion
//#region shouldUseBase64_1.txt
var shouldUseBase64_1_default = 'data:application/octet-stream;base64,CgoKCgo=';

//#endregion
//#region shouldUseBase64_2.txt
var shouldUseBase64_2_default = 'data:application/octet-stream;base64,CgoKCgoK';

//#endregion
//#region entry.js
console.log(shouldUsePercent_1_default, shouldUsePercent_2_default, shouldUseBase64_1_default, shouldUseBase64_2_default);

//#endregion
```
