---
source: crates/rolldown/tests/common/case.rs
expression: content
input_file: crates/rolldown/tests/esbuild/loader/loader_data_url_common_js_and_es6
---
# Assets

## entry_js.mjs

```js


//#region y.txt
var y_default = 'data:application/octet-stream,y';

//#endregion
//#region x.txt
var x_ns, x_default;
var init_x = __esmMin(() => {
	x_ns = {};
	__export(x_ns, {
		default:() => x_default
	});
	x_default = 'data:application/octet-stream,x';
});

//#endregion
//#region entry.js
const x_url = (init_x(),__toCommonJS(x_ns));
console.log(x_url, y_default);

//#endregion
```
